// Jest Snapshot v1, https://goo.gl/fbAQLP

exports[`Authenticated Header component <Authenticated /> renders correctly 1`] = `ShallowWrapper {}`;
