// Jest Snapshot v1, https://goo.gl/fbAQLP

exports[`Unauthenticated Header component <Unauthenticated /> renders correctly 1`] = `ShallowWrapper {}`;
